{
    "[bam, bai], [fasta, fai], bed": {
        "content": [
            {
                "0": [
                    [
                        {
                            "id": "test"
                        },
                        "test.bed.gz:md5,cd173b78a199424358268f7f15fc1878"
                    ]
                ],
                "1": [
                    
                ],
                "2": [
                    [
                        "MODKIT_PILEUP",
                        "modkit",
                        "0.6.4"
                    ]
                ],
                "bedgz": [
                    [
                        {
                            "id": "test"
                        },
                        "test.bed.gz:md5,cd173b78a199424358268f7f15fc1878"
                    ]
                ],
                "log": [
                    
                ],
                "versions_modkit": [
                    [
                        "MODKIT_PILEUP",
                        "modkit",
                        "0.6.4"
                    ]
                ]
            }
        ],
        "timestamp": "2026-09-14T14:22:06.129485351",
        "meta": {
            "nf-test": "0.9.4",
            "nextflow": "26.04.3"
        }
    },
    "[bam, bai], [fasta, fai], [] - stub": {
        "content": [
            {
                "0": [
                    [
                        {
                            "id": "test"
                        },
                        "test.bed.gz:md5,68b329da9893e34099c7d8ad5cb9c940"
                    ]
                ],
                "1": [
                    [
                        {
                            "id": "test"
                        },
                        "test.log:md5,d41d8cd98f00b204e9800998ecf8427e"
                    ]
                ],
                "2": [
                    [
                        "MODKIT_PILEUP",
                        "modkit",
                        "0.6.4"
                    ]
                ],
                "bedgz": [
                    [
                        {
                            "id": "test"
                        },
                        "test.bed.gz:md5,68b329da9893e34099c7d8ad5cb9c940"
                    ]
                ],
                "log": [
                    [
                        {
                            "id": "test"
                        },
                        "test.log:md5,d41d8cd98f00b204e9800998ecf8427e"
                    ]
                ],
                "versions_modkit": [
                    [
                        "MODKIT_PILEUP",
                        "modkit",
                        "0.6.4"
                    ]
                ]
            }
        ],
        "timestamp": "2026-01-22T11:46:32.126118262",
        "meta": {
            "nf-test": "0.9.3",
            "nextflow": "25.04.2"
        }
    },
    "[bam, bai], [fasta, fai], [], phased": {
        "content": [
            {
                "0": [
                    [
                        {
                            "id": "test"
                        },
                        [
                            "test_combined.bed.gz:md5,32452a02e350e5ac558ab68bbbaccc85",
                            "test_hp1.bed.gz:md5,abd206b393ead3f3a574a4c34dc7429a",
                            "test_hp2.bed.gz:md5,5092dde96578433a30c4a7c86f3cd94d"
                        ]
                    ]
                ],
                "1": [
                    
                ],
                "2": [
                    [
                        "MODKIT_PILEUP",
                        "modkit",
                        "0.6.4"
                    ]
                ],
                "bedgz": [
                    [
                        {
                            "id": "test"
                        },
                        [
                            "test_combined.bed.gz:md5,32452a02e350e5ac558ab68bbbaccc85",
                            "test_hp1.bed.gz:md5,abd206b393ead3f3a574a4c34dc7429a",
                            "test_hp2.bed.gz:md5,5092dde96578433a30c4a7c86f3cd94d"
                        ]
                    ]
                ],
                "log": [
                    
                ],
                "versions_modkit": [
                    [
                        "MODKIT_PILEUP",
                        "modkit",
                        "0.6.4"
                    ]
                ]
            }
        ],
        "timestamp": "2026-09-14T14:22:11.928290711",
        "meta": {
            "nf-test": "0.9.4",
            "nextflow": "26.04.3"
        }
    },
    "[bam, bai], [fasta, fai], [], phased - stub": {
        "content": [
            {
                "0": [
                    [
                        {
                            "id": "test"
                        },
                        "test.bed.gz:md5,68b329da9893e34099c7d8ad5cb9c940"
                    ]
                ],
                "1": [
                    [
                        {
                            "id": "test"
                        },
                        "test.log:md5,d41d8cd98f00b204e9800998ecf8427e"
                    ]
                ],
                "2": [
                    [
                        "MODKIT_PILEUP",
                        "modkit",
                        "0.6.4"
                    ]
                ],
                "bedgz": [
                    [
                        {
                            "id": "test"
                        },
                        "test.bed.gz:md5,68b329da9893e34099c7d8ad5cb9c940"
                    ]
                ],
                "log": [
                    [
                        {
                            "id": "test"
                        },
                        "test.log:md5,d41d8cd98f00b204e9800998ecf8427e"
                    ]
                ],
                "versions_modkit": [
                    [
                        "MODKIT_PILEUP",
                        "modkit",
                        "0.6.4"
                    ]
                ]
            }
        ],
        "timestamp": "2026-01-22T11:46:40.051078689",
        "meta": {
            "nf-test": "0.9.3",
            "nextflow": "25.04.2"
        }
    },
    "[bam, bai], [fasta, fai], []": {
        "content": [
            {
                "0": [
                    [
                        {
                            "id": "test"
                        },
                        "test.bed.gz:md5,1ec207494e615704e7806d4a6621de93"
                    ]
                ],
                "1": [
                    
                ],
                "2": [
                    [
                        "MODKIT_PILEUP",
                        "modkit",
                        "0.6.4"
                    ]
                ],
                "bedgz": [
                    [
                        {
                            "id": "test"
                        },
                        "test.bed.gz:md5,1ec207494e615704e7806d4a6621de93"
                    ]
                ],
                "log": [
                    
                ],
                "versions_modkit": [
                    [
                        "MODKIT_PILEUP",
                        "modkit",
                        "0.6.4"
                    ]
                ]
            }
        ],
        "timestamp": "2026-09-14T14:22:00.669505516",
        "meta": {
            "nf-test": "0.9.4",
            "nextflow": "26.04.3"
        }
    },
    "[bam, bai], [], []": {
        "content": [
            {
                "0": [
                    [
                        {
                            "id": "test"
                        },
                        "test.bed.gz:md5,1ec207494e615704e7806d4a6621de93"
                    ]
                ],
                "1": [
                    
                ],
                "2": [
                    [
                        "MODKIT_PILEUP",
                        "modkit",
                        "0.6.4"
                    ]
                ],
                "bedgz": [
                    [
                        {
                            "id": "test"
                        },
                        "test.bed.gz:md5,1ec207494e615704e7806d4a6621de93"
                    ]
                ],
                "log": [
                    
                ],
                "versions_modkit": [
                    [
                        "MODKIT_PILEUP",
                        "modkit",
                        "0.6.4"
                    ]
                ]
            }
        ],
        "timestamp": "2026-09-14T14:21:54.845566402",
        "meta": {
            "nf-test": "0.9.4",
            "nextflow": "26.04.3"
        }
    },
    "[bam, bai], [fasta, fai], bed, phased": {
        "content": [
            {
                "0": [
                    [
                        {
                            "id": "test"
                        },
                        [
                            "test_combined.bed.gz:md5,cd173b78a199424358268f7f15fc1878",
                            "test_hp1.bed.gz:md5,d67280b345e95029cb5c0ea771128ba1",
                            "test_hp2.bed.gz:md5,6438ea42b16a21db197ddf73ec665685"
                        ]
                    ]
                ],
                "1": [
                    
                ],
                "2": [
                    [
                        "MODKIT_PILEUP",
                        "modkit",
                        "0.6.4"
                    ]
                ],
                "bedgz": [
                    [
                        {
                            "id": "test"
                        },
                        [
                            "test_combined.bed.gz:md5,cd173b78a199424358268f7f15fc1878",
                            "test_hp1.bed.gz:md5,d67280b345e95029cb5c0ea771128ba1",
                            "test_hp2.bed.gz:md5,6438ea42b16a21db197ddf73ec665685"
                        ]
                    ]
                ],
                "log": [
                    
                ],
                "versions_modkit": [
                    [
                        "MODKIT_PILEUP",
                        "modkit",
                        "0.6.4"
                    ]
                ]
            }
        ],
        "timestamp": "2026-09-14T14:22:17.427189446",
        "meta": {
            "nf-test": "0.9.4",
            "nextflow": "26.04.3"
        }
    },
    "[bam, bai], [fasta, fai], bed, phased - stub": {
        "content": [
            {
                "0": [
                    [
                        {
                            "id": "test"
                        },
                        "test.bed.gz:md5,68b329da9893e34099c7d8ad5cb9c940"
                    ]
                ],
                "1": [
                    [
                        {
                            "id": "test"
                        },
                        "test.log:md5,d41d8cd98f00b204e9800998ecf8427e"
                    ]
                ],
                "2": [
                    [
                        "MODKIT_PILEUP",
                        "modkit",
                        "0.6.4"
                    ]
                ],
                "bedgz": [
                    [
                        {
                            "id": "test"
                        },
                        "test.bed.gz:md5,68b329da9893e34099c7d8ad5cb9c940"
                    ]
                ],
                "log": [
                    [
                        {
                            "id": "test"
                        },
                        "test.log:md5,d41d8cd98f00b204e9800998ecf8427e"
                    ]
                ],
                "versions_modkit": [
                    [
                        "MODKIT_PILEUP",
                        "modkit",
                        "0.6.4"
                    ]
                ]
            }
        ],
        "timestamp": "2026-01-22T11:46:44.034301557",
        "meta": {
            "nf-test": "0.9.3",
            "nextflow": "25.04.2"
        }
    },
    "[bam, bai], [], [] - stub": {
        "content": [
            {
                "0": [
                    [
                        {
                            "id": "test"
                        },
                        "test.bed.gz:md5,68b329da9893e34099c7d8ad5cb9c940"
                    ]
                ],
                "1": [
                    [
                        {
                            "id": "test"
                        },
                        "test.log:md5,d41d8cd98f00b204e9800998ecf8427e"
                    ]
                ],
                "2": [
                    [
                        "MODKIT_PILEUP",
                        "modkit",
                        "0.6.4"
                    ]
                ],
                "bedgz": [
                    [
                        {
                            "id": "test"
                        },
                        "test.bed.gz:md5,68b329da9893e34099c7d8ad5cb9c940"
                    ]
                ],
                "log": [
                    [
                        {
                            "id": "test"
                        },
                        "test.log:md5,d41d8cd98f00b204e9800998ecf8427e"
                    ]
                ],
                "versions_modkit": [
                    [
                        "MODKIT_PILEUP",
                        "modkit",
                        "0.6.4"
                    ]
                ]
            }
        ],
        "timestamp": "2026-01-22T11:46:28.153658113",
        "meta": {
            "nf-test": "0.9.3",
            "nextflow": "25.04.2"
        }
    },
    "[bam, bai], [fasta, fai], bed - stub": {
        "content": [
            {
                "0": [
                    [
                        {
                            "id": "test"
                        },
                        "test.bed.gz:md5,68b329da9893e34099c7d8ad5cb9c940"
                    ]
                ],
                "1": [
                    [
                        {
                            "id": "test"
                        },
                        "test.log:md5,d41d8cd98f00b204e9800998ecf8427e"
                    ]
                ],
                "2": [
                    [
                        "MODKIT_PILEUP",
                        "modkit",
                        "0.6.4"
                    ]
                ],
                "bedgz": [
                    [
                        {
                            "id": "test"
                        },
                        "test.bed.gz:md5,68b329da9893e34099c7d8ad5cb9c940"
                    ]
                ],
                "log": [
                    [
                        {
                            "id": "test"
                        },
                        "test.log:md5,d41d8cd98f00b204e9800998ecf8427e"
                    ]
                ],
                "versions_modkit": [
                    [
                        "MODKIT_PILEUP",
                        "modkit",
                        "0.6.4"
                    ]
                ]
            }
        ],
        "timestamp": "2026-01-22T11:46:36.173040315",
        "meta": {
            "nf-test": "0.9.3",
            "nextflow": "25.04.2"
        }
    }
}
